11-23 16:05:14.762   288   288 W Layer   : [com.xpluscloud.mosesshell/com.xpluscloud.mosesshell.CustomerProfileActivity#0] opaque layer with plane alpha:0.83 cannot be handled by hwcomposer
11-23 16:05:14.763   288   288 W Layer   : [com.evenwell.camera2/com.android.camera.CaptureActivity#0] opaque layer with plane alpha:0.89 cannot be handled by hwcomposer
11-23 16:05:14.763   288   288 W Layer   : [com.xpluscloud.mosesshell/com.xpluscloud.mosesshell.CustomerProfileActivity#0] opaque layer with plane alpha:0.83 cannot be handled by hwcomposer
11-23 16:05:14.763   288   288 W Layer   : [com.evenwell.camera2/com.android.camera.CaptureActivity#0] opaque layer with plane alpha:0.89 cannot be handled by hwcomposer
11-23 16:05:14.764   279   347 W hwcomposer: [JOB] No available overlay resource (input_num=0)  
11-23 16:05:14.770   288   288 E SurfaceFlinger: getUniqueId not supported on VirtualDisplaySurface
11-23 16:05:14.778   288   288 E SurfaceFlinger: getUniqueId not supported on VirtualDisplaySurface
11-23 16:05:14.799   288   288 W Layer   : [com.xpluscloud.mosesshell/com.xpluscloud.mosesshell.CustomerProfileActivity#0] opaque layer with plane alpha:0.93 cannot be handled by hwcomposer
11-23 16:05:14.799   288   288 W Layer   : [com.evenwell.camera2/com.android.camera.CaptureActivity#0] opaque layer with plane alpha:0.55 cannot be handled by hwcomposer
11-23 16:05:14.799   288   288 W Layer   : [com.xpluscloud.mosesshell/com.xpluscloud.mosesshell.CustomerProfileActivity#0] opaque layer with plane alpha:0.93 cannot be handled by hwcomposer
11-23 16:05:14.799   288   288 W Layer   : [com.evenwell.camera2/com.android.camera.CaptureActivity#0] opaque layer with plane alpha:0.55 cannot be handled by hwcomposer
11-23 16:05:14.801   279   347 W hwcomposer: [JOB] No available overlay resource (input_num=0)  
11-23 16:05:14.808   288   288 E SurfaceFlinger: getUniqueId not supported on VirtualDisplaySurface
11-23 16:05:14.820   717 11771 I WifiService: releaseWifiLock uid=10047
11-23 16:05:14.823   288   288 E SurfaceFlinger: getUniqueId not supported on VirtualDisplaySurface
11-23 16:05:14.855 28389 29247 V FA      : Processing queued up service tasks: 1
11-23 16:05:14.884   288   288 W Layer   : [com.xpluscloud.mosesshell/com.xpluscloud.mosesshell.CustomerProfileActivity#0] opaque layer with plane alpha:0.99 cannot be handled by hwcomposer
11-23 16:05:14.884   288   288 W Layer   : [com.evenwell.camera2/com.android.camera.CaptureActivity#0] opaque layer with plane alpha:0.21 cannot be handled by hwcomposer
11-23 16:05:14.885   288   288 W Layer   : [com.xpluscloud.mosesshell/com.xpluscloud.mosesshell.CustomerProfileActivity#0] opaque layer with plane alpha:0.99 cannot be handled by hwcomposer
11-23 16:05:14.885   288   288 W Layer   : [com.evenwell.camera2/com.android.camera.CaptureActivity#0] opaque layer with plane alpha:0.21 cannot be handled by hwcomposer
11-23 16:05:14.895   279   347 W hwcomposer: [JOB] No available overlay resource (input_num=0)  
11-23 16:05:14.901   288   288 I DisplayDevice: [Built-in Screen (type:0)] fps:31.908562,dur:1002.87,max:269.84,min:9.50
11-23 16:05:14.901   288   288 E SurfaceFlinger: getUniqueId not supported on VirtualDisplaySurface
11-23 16:05:14.909   288   288 E SurfaceFlinger: getUniqueId not supported on VirtualDisplaySurface
11-23 16:05:14.910   288   288 I DisplayDevice: [stdout (type:2)] fps:31.620096,dur:1012.01,max:269.64,min:9.51
11-23 16:05:14.915   422 14332 I BufferQueueProducer: [GraphicBufferSource](this:0xb326e000,id:3,api:1,p:422,c:422) queueBuffer: fps=13.81 dur=1013.70 max=448.48 min=12.87
11-23 16:05:15.042   422   500 I BufferQueueProducer: [GraphicBufferSource](this:0xb326e000,id:3,api:1,p:422,c:422) queueBuffer: slot 13 is dropped, handle=0xb3246260
11-23 16:05:15.067   422   500 I BufferQueueProducer: [GraphicBufferSource](this:0xb326e000,id:3,api:1,p:422,c:422) queueBuffer: slot 2 is dropped, handle=0xb32460a0
11-23 16:05:15.087   422   500 I BufferQueueProducer: [GraphicBufferSource](this:0xb326e000,id:3,api:1,p:422,c:422) queueBuffer: slot 13 is dropped, handle=0xb3246260
11-23 16:05:15.097   281   312 I libPerfService: 11: legacy set: 2 -1
11-23 16:05:15.101   281   312 I libPerfService: 11: legacy set freq: -1 -1
11-23 16:05:15.121   422   500 I BufferQueueProducer: [GraphicBufferSource](this:0xb326e000,id:3,api:1,p:422,c:422) queueBuffer: slot 13 is dropped, handle=0xb3246260
11-23 16:05:15.124   417  1271 W MediaAnalyticsItem: Unable to record: (extractor:0:-1:-11:0:3:android.media.mediaextractor.fmt=OggExtractor:android.media.mediaextractor.ntrk=1:android.media.mediaextractor.mime=application/ogg:) [forcenew=0]
11-23 16:05:15.131 28625 29250 W CAM2PORT_AndCamAgntImp: Releasing camera without any camera opened.
11-23 16:05:15.131 28625 28625 W CAM2PORT_DispatchThread: DispatchThread is end
11-23 16:05:15.136   422   500 I BufferQueueProducer: [GraphicBufferSource](this:0xb326e000,id:3,api:1,p:422,c:422) queueBuffer: slot 10 is dropped, handle=0xb32467a0
11-23 16:05:15.144   288   288 I BufferQueueConsumer: [com.evenwell.camera2/com.android.camera.CaptureActivity#0](this:0xa9829000,id:321,api:1,p:-1,c:-1) disconnect(C)
11-23 16:05:15.144   288   288 I BufferQueue: [com.evenwell.camera2/com.android.camera.CaptureActivity#0](this:0xa9829000,id:321,api:1,p:-1,c:-1) ~BufferQueueCore
11-23 16:05:15.173   422   500 I BufferQueueProducer: [GraphicBufferSource](this:0xb326e000,id:3,api:1,p:422,c:422) queueBuffer: slot 10 is dropped, handle=0xb32467a0
11-23 16:05:15.189   422   500 I BufferQueueProducer: [GraphicBufferSource](this:0xb326e000,id:3,api:1,p:422,c:422) queueBuffer: slot 3 is dropped, handle=0xb3246960
11-23 16:05:15.202   422   500 I BufferQueueProducer: [GraphicBufferSource](this:0xb326e000,id:3,api:1,p:422,c:422) queueBuffer: slot 10 is dropped, handle=0xb32467a0
11-23 16:05:15.236   422   500 I BufferQueueProducer: [GraphicBufferSource](this:0xb326e000,id:3,api:1,p:422,c:422) queueBuffer: slot 10 is dropped, handle=0xb32467a0
11-23 16:05:15.249   422   500 I BufferQueueProducer: [GraphicBufferSource](this:0xb326e000,id:3,api:1,p:422,c:422) queueBuffer: slot 1 is dropped, handle=0xb3245ee0
11-23 16:05:15.632   425   425 I thermal_repeater: select timeout
11-23 16:05:15.642   281   855 I vendor.mediatek.hardware.power@1.1-impl: mtkCusPowerHint hint:0, data:0
11-23 16:05:15.642   281   312 I powerd  : [powerd_req] POWER_MSG_MTK_CUS_HINT: hint:0, hdl:36, data:0
11-23 16:05:15.643   281   312 I libPerfService: 36: legacy set: -1 -1
11-23 16:05:15.824  2342  2342 W mtkmal  : type=1400 audit(0.0:49546): avc: denied { open } for path="/proc/2342/net/dev" dev="proc" ino=4026533568 scontext=u:r:mtkmal:s0 tcontext=u:object_r:proc_net:s0 tclass=file permissive=0
11-23 16:05:15.825  2342  2394 I MAL-RDS :  (  rds_ru_wifi_status_ind, 1744) [RDS-I][RU][EVENT_RU_WS_WIFI_STATUS_IND] fgwifi_en:1(no use) i4wifirssi:-36 i4wifisnr:9999
11-23 16:05:15.826  2342  2394 I MAL-RDS :  (          rds_ru_rpl_gen, 7629) [RDS-I][RU][rds_ru_rpl_gen][RDS] Current policy: fgimsolte_en<0>, fgwfc_en<0>, erdspolicy<3>,||Threshold i4wifirssih<-75>, i4wifirssil<-85>, i4wifirssih_ho<-78>, i4wifirssil_ho<-88>, i4wifisnrh<10>, i4wifisnrl<6>||Threshold i4ltersrph<-106>, i4ltersrpm<-111>, i4ltersrpl<-116>, i4ltersrqh<5>, i4ltersrqm<3>, i4ltersrql<1>||Threshold i4utranrscph<-104>, i4utranrscpl<-110>, i4gsmrssih<-94>, i4gsmrssil<-102>||current rds ru status: i4wifirssi<-36>, i4wifisnr<9999>, i4ltersrp<-104>, i4ltersrq<11>, i4utranrscp<-98>, i4gsmrssi<-141>, u4active_ran<65539>, flight_mode_activating<0>, ims_roamb<-1>, mms_roamb<-1>||current wifi backhaul : rtp_plr<0>, rtp_jitter<0>, ping_ind<0>||pcscf acc stat : volte<1>, wfc<1> || wifi acc_ctrl:<0>, || current MD stat : MD1 roam <0>, ||Call stat : IR92<0>, IR94<0>, SMS over IP<0>
11-23 16:05:15.992   288   391 I BufferQueueProducer: [com.xpluscloud.mosesshell/com.xpluscloud.mosesshell.CustomerProfileActivity#0](this:0xa5e6c000,id:322,api:1,p:28389,c:288) queueBuffer: fps=6.02 dur=1495.14 max=883.29 min=6.49
11-23 16:05:16.005   288   288 I DisplayDevice: [Built-in Screen (type:0)] fps:15.400126,dur:1103.89,max:743.49,min:12.95
11-23 16:05:16.005   288   288 I DisplayDevice: [stdout (type:2)] fps:15.526569,dur:1094.90,max:743.81,min:12.96
11-23 16:05:16.009   422   500 I BufferQueueProducer: [GraphicBufferSource](this:0xb326e000,id:3,api:1,p:422,c:422) queueBuffer: fps=14.62 dur=1094.52 max=759.71 min=13.26
11-23 16:05:16.292   422   500 I BufferQueueProducer: [GraphicBufferSource](this:0xb326e000,id:3,api:1,p:422,c:422) queueBuffer: slot 12 is dropped, handle=0xb3246180
11-23 16:05:16.307   422   500 I BufferQueueProducer: [GraphicBufferSource](this:0xb326e000,id:3,api:1,p:422,c:422) queueBuffer: slot 2 is dropped, handle=0xb32460a0
11-23 16:05:16.341   288   321 I BufferQueueProducer: [Toast#0](this:0xa98d7000,id:323,api:1,p:28389,c:288) disconnect(P): api 1
11-23 16:05:16.342   288   321 I BufferQueueConsumer: [Toast#0](this:0xa98d7000,id:323,api:1,p:-1,c:288) getReleasedBuffers: returning mask 0xffffffffffffffff
11-23 16:05:16.353   717   717 W WindowManager: removeWindowToken: Attempted to remove non-existing token: android.os.Binder@ffe7ae6
11-23 16:05:16.392   288   288 I BufferQueueProducer: [FrameBufferSurface_0](this:0xaa3d1000,id:0,api:1,p:288,c:288) queueBuffer: fps=10.42 dur=1728.18 max=1174.97 min=12.97
11-23 16:05:16.412   422   500 I BufferQueueProducer: [GraphicBufferSource](this:0xb326e000,id:3,api:1,p:422,c:422) queueBuffer: slot 12 is dropped, handle=0xb3246180
11-23 16:05:16.428   422   500 I BufferQueueProducer: [GraphicBufferSource](this:0xb326e000,id:3,api:1,p:422,c:422) queueBuffer: slot 2 is dropped, handle=0xb32460a0
11-23 16:05:16.462   422 14332 I BufferQueueProducer: [GraphicBufferSource](this:0xb326e000,id:3,api:1,p:422,c:422) queueBuffer: slot 3 is dropped, handle=0xb3246960
11-23 16:05:16.495   422 14332 I BufferQueueProducer: [GraphicBufferSource](this:0xb326e000,id:3,api:1,p:422,c:422) queueBuffer: slot 12 is dropped, handle=0xb3246180
11-23 16:05:16.512   422 14332 I BufferQueueProducer: [GraphicBufferSource](this:0xb326e000,id:3,api:1,p:422,c:422) queueBuffer: slot 2 is dropped, handle=0xb32460a0
11-23 16:05:16.546   422 14332 I BufferQueueProducer: [GraphicBufferSource](this:0xb326e000,id:3,api:1,p:422,c:422) queueBuffer: slot 3 is dropped, handle=0xb3246960
11-23 16:05:16.562   422 14332 I BufferQueueProducer: [GraphicBufferSource](this:0xb326e000,id:3,api:1,p:422,c:422) queueBuffer: slot 8 is dropped, handle=0xb3247a00
11-23 16:05:16.596   422 14332 I BufferQueueProducer: [GraphicBufferSource](this:0xb326e000,id:3,api:1,p:422,c:422) queueBuffer: slot 2 is dropped, handle=0xb32460a0
11-23 16:05:16.613   422 14332 I BufferQueueProducer: [GraphicBufferSource](this:0xb326e000,id:3,api:1,p:422,c:422) queueBuffer: slot 3 is dropped, handle=0xb3246960
11-23 16:05:16.646   422 14332 I BufferQueueProducer: [GraphicBufferSource](this:0xb326e000,id:3,api:1,p:422,c:422) queueBuffer: slot 11 is dropped, handle=0xb32465e0
11-23 16:05:16.681   422 14332 I BufferQueueProducer: [GraphicBufferSource](this:0xb326e000,id:3,api:1,p:422,c:422) queueBuffer: slot 3 is dropped, handle=0xb3246960
11-23 16:05:16.697   422 14332 I BufferQueueProducer: [GraphicBufferSource](this:0xb326e000,id:3,api:1,p:422,c:422) queueBuffer: slot 7 is dropped, handle=0xb3246a40
11-23 16:05:16.731   422 14332 I BufferQueueProducer: [GraphicBufferSource](this:0xb326e000,id:3,api:1,p:422,c:422) queueBuffer: slot 6 is dropped, handle=0xb3246420
11-23 16:05:16.748   422 14332 I BufferQueueProducer: [GraphicBufferSource](this:0xb326e000,id:3,api:1,p:422,c:422) queueBuffer: slot 3 is dropped, handle=0xb3246960
11-23 16:05:16.781   422 14332 I BufferQueueProducer: [GraphicBufferSource](this:0xb326e000,id:3,api:1,p:422,c:422) queueBuffer: slot 5 is dropped, handle=0xb3246500
11-23 16:05:16.816   422 14332 I BufferQueueProducer: [GraphicBufferSource](this:0xb326e000,id:3,api:1,p:422,c:422) queueBuffer: slot 3 is dropped, handle=0xb3246960
11-23 16:05:16.832   422 14332 I BufferQueueProducer: [GraphicBufferSource](this:0xb326e000,id:3,api:1,p:422,c:422) queueBuffer: slot 4 is dropped, handle=0xb32466c0
11-23 16:05:16.852   281   855 I vendor.mediatek.hardware.power@1.1-impl: querySysInfo cmd:6, param:0
11-23 16:05:16.853   281   312 I powerd  : [powerd_req] POWER_MSG_QUERY_INFO: cmd:6, param:0
11-23 16:05:16.853   281   312 I libPerfService: perfUserGetCapability - cmd:6, id:0, value:28389
11-23 16:05:16.869   422 14332 I BufferQueueProducer: [GraphicBufferSource](this:0xb326e000,id:3,api:1,p:422,c:422) queueBuffer: slot 9 is dropped, handle=0xb3246880
11-23 16:05:16.883   422   500 I BufferQueueProducer: [GraphicBufferSource](this:0xb326e000,id:3,api:1,p:422,c:422) queueBuffer: slot 3 is dropped, handle=0xb3246960
11-23 16:05:16.889   288   288 I BufferQueueConsumer: [Toast#0](this:0xa98d7000,id:323,api:1,p:-1,c:-1) disconnect(C)
11-23 16:05:16.889   288   288 I BufferQueue: [Toast#0](this:0xa98d7000,id:323,api:1,p:-1,c:-1) ~BufferQueueCore
11-23 16:05:17.021   271   712 E VT HIDL : [IVT] [VT THREAD] [VT_Bind] des = volte_imsvt1 Fail to connect . retry count: 60714
11-23 16:05:17.814  2342  2363 I MAL-Daemon:  (      mfi_task_bootstrap,  400) mfi_task_bootstrap(): an event EVENT_ATMNGR_URC(18) incoming from FD 29!!
11-23 16:05:17.815  2342  2394 I MAL-RDS :  (         rds_ru_urc_hdlr, 2271) [RDS-I][RDS][rds_ru_urc_hdlr] get URC data: +ECSQ: 12,37,1,1,1,-56,-414,7,4
11-23 16:05:17.817  2342  2394 I MAL-RDS :  (          rds_ru_rpl_gen, 7629) [RDS-I][RU][rds_ru_rpl_gen][RDS] Current policy: fgimsolte_en<0>, fgwfc_en<0>, erdspolicy<3>,||Threshold i4wifirssih<-75>, i4wifirssil<-85>, i4wifirssih_ho<-78>, i4wifirssil_ho<-88>, i4wifisnrh<10>, i4wifisnrl<6>||Threshold i4ltersrph<-106>, i4ltersrpm<-111>, i4ltersrpl<-116>, i4ltersrqh<5>, i4ltersrqm<3>, i4ltersrql<1>||Threshold i4utranrscph<-104>, i4utranrscpl<-110>, i4gsmrssih<-94>, i4gsmrssil<-102>||current rds ru status: i4wifirssi<-36>, i4wifisnr<9999>, i4ltersrp<-104>, i4ltersrq<12>, i4utranrscp<-98>, i4gsmrssi<-141>, u4active_ran<65539>, flight_mode_activating<0>, ims_roamb<-1>, mms_roamb<-1>||current wifi backhaul : rtp_plr<0>, rtp_jitter<0>, ping_ind<0>||pcscf acc stat : volte<1>, wfc<1> || wifi acc_ctrl:<0>, || current MD stat : MD1 roam <0>, ||Call stat : IR92<0>, IR94<0>, SMS over IP<0>
11-23 16:05:17.836  1039  1223 I NetworkController.MobileSignalController(1): updateVoiceNetworkType voiceNetType: 13 mCurrentState.connected: true
11-23 16:05:17.979   288   288 I DisplayDevice: [Built-in Screen (type:0)] fps:22.797001,dur:1973.94,max:1063.07,min:14.34
11-23 16:05:17.979   288   288 I DisplayDevice: [stdout (type:2)] fps:22.791304,dur:1974.44,max:1063.91,min:14.35
11-23 16:05:18.199  1039  1039 I SignalClusterView: updateDisplayVoLte mShowVoLteIcon: false mNoSimsVisible: false mIsAirplaneMode: false showWfc: false  showVolte: false
11-23 16:05:18.201  1039  1039 I SignalClusterView: updateDisplayVoLte mShowVoLteIcon: false mNoSimsVisible: false mIsAirplaneMode: false showWfc: false  showVolte: false
11-23 16:05:18.241   288   391 I BufferQueueProducer: [StatusBar#0](this:0xa988d000,id:4,api:1,p:1039,c:288) queueBuffer: fps=0.25 dur=8033.25 max=7042.80 min=990.45
11-23 16:05:18.282   422 14332 I BufferQueueProducer: [GraphicBufferSource](this:0xb326e000,id:3,api:1,p:422,c:422) queueBuffer: fps=18.92 dur=2272.80 max=1384.36 min=13.47
11-23 16:05:18.824  2342  2342 W mtkmal  : type=1400 audit(0.0:49547): avc: denied { open } for path="/proc/2342/net/dev" dev="proc" ino=4026533568 scontext=u:r:mtkmal:s0 tcontext=u:object_r:proc_net:s0 tclass=file permissive=0
11-23 16:05:18.828  2342  2394 I MAL-RDS :  (  rds_ru_wifi_status_ind, 1744) [RDS-I][RU][EVENT_RU_WS_WIFI_STATUS_IND] fgwifi_en:1(no use) i4wifirssi:-34 i4wifisnr:9999
11-23 16:05:18.830  2342  2394 I MAL-RDS :  (          rds_ru_rpl_gen, 7629) [RDS-I][RU][rds_ru_rpl_gen][RDS] Current policy: fgimsolte_en<0>, fgwfc_en<0>, erdspolicy<3>,||Threshold i4wifirssih<-75>, i4wifirssil<-85>, i4wifirssih_ho<-78>, i4wifirssil_ho<-88>, i4wifisnrh<10>, i4wifisnrl<6>||Threshold i4ltersrph<-106>, i4ltersrpm<-111>, i4ltersrpl<-116>, i4ltersrqh<5>, i4ltersrqm<3>, i4ltersrql<1>||Threshold i4utranrscph<-104>, i4utranrscpl<-110>, i4gsmrssih<-94>, i4gsmrssil<-102>||current rds ru status: i4wifirssi<-34>, i4wifisnr<9999>, i4ltersrp<-104>, i4ltersrq<12>, i4utranrscp<-98>, i4gsmrssi<-141>, u4active_ran<65539>, flight_mode_activating<0>, ims_roamb<-1>, mms_roamb<-1>||current wifi backhaul : rtp_plr<0>, rtp_jitter<0>, ping_ind<0>||pcscf acc stat : volte<1>, wfc<1> || wifi acc_ctrl:<0>, || current MD stat : MD1 roam <0>, ||Call stat : IR92<0>, IR94<0>, SMS over IP<0>
11-23 16:05:18.873   281   855 I vendor.mediatek.hardware.power@1.1-impl: querySysInfo cmd:6, param:0
11-23 16:05:18.875   281   312 I powerd  : [powerd_req] POWER_MSG_QUERY_INFO: cmd:6, param:0
11-23 16:05:18.875   281   312 I libPerfService: perfUserGetCapability - cmd:6, id:0, value:28389
11-23 16:05:19.203  1039  1039 I SignalClusterView: updateDisplayVoLte mShowVoLteIcon: false mNoSimsVisible: false mIsAirplaneMode: false showWfc: false  showVolte: false
11-23 16:05:19.204  1039  1039 I SignalClusterView: updateDisplayVoLte mShowVoLteIcon: false mNoSimsVisible: false mIsAirplaneMode: false showWfc: false  showVolte: false
11-23 16:05:19.258   288   391 I BufferQueueProducer: [StatusBar#0](this:0xa988d000,id:4,api:1,p:1039,c:288) queueBuffer: fps=0.98 dur=1017.44 max=1017.44 min=1017.44
11-23 16:05:19.265   288   288 I DisplayDevice: [Built-in Screen (type:0)] fps:1.554152,dur:1286.88,max:992.68,min:294.20
11-23 16:05:19.266   288   288 I DisplayDevice: [stdout (type:2)] fps:1.554939,dur:1286.22,max:992.54,min:293.69
11-23 16:05:19.951 28389 29247 V FA      : Inactivity, disconnecting from the service
11-23 16:05:20.022   271   712 E VT HIDL : [IVT] [VT THREAD] [VT_Bind] des = volte_imsvt1 Fail to connect . retry count: 60715
11-23 16:05:20.133 28625 28633 I BufferQueueConsumer: [SurfaceTexture-0-28625-1](this:0x87643000,id:1,api:4,p:-1,c:-1) disconnect(C)
11-23 16:05:20.133 28625 28633 I BufferQueue: [SurfaceTexture-0-28625-1](this:0x87643000,id:1,api:4,p:-1,c:-1) ~BufferQueueCore
11-23 16:05:20.644   425   425 I thermal_repeater: oh, queryMdThermalInfo (0)No such file or directory
11-23 16:05:20.668   425   425 I thermal_repeater: [recvMdThermalInfo] ret=27, strLen=127,  3, 34, -127, -1, 32767, 18
11-23 16:05:20.905   281   855 I vendor.mediatek.hardware.power@1.1-impl: querySysInfo cmd:6, param:0
11-23 16:05:20.906   281   312 I powerd  : [powerd_req] POWER_MSG_QUERY_INFO: cmd:6, param:0
11-23 16:05:20.907   281   312 I libPerfService: perfUserGetCapability - cmd:6, id:0, value:28389
11-23 16:05:21.827  2342  2342 W mtkmal  : type=1400 audit(0.0:49548): avc: denied { open } for path="/proc/2342/net/dev" dev="proc" ino=4026533568 scontext=u:r:mtkmal:s0 tcontext=u:object_r:proc_net:s0 tclass=file permissive=0
11-23 16:05:22.936  2342  2363 I MAL-Daemon:  (      mfi_task_bootstrap,  400) mfi_task_bootstrap(): an event EVENT_ATMNGR_URC(18) incoming from FD 29!!
11-23 16:05:22.937  2342  2394 I MAL-RDS :  (         rds_ru_urc_hdlr, 2271) [RDS-I][RDS][rds_ru_urc_hdlr] get URC data: +ECSQ: 13,37,1,1,1,-53,-414,7,4
11-23 16:05:22.940  2342  2394 I MAL-RDS :  (          rds_ru_rpl_gen, 7629) [RDS-I][RU][rds_ru_rpl_gen][RDS] Current policy: fgimsolte_en<0>, fgwfc_en<0>, erdspolicy<3>,||Threshold i4wifirssih<-75>, i4wifirssil<-85>, i4wifirssih_ho<-78>, i4wifirssil_ho<-88>, i4wifisnrh<10>, i4wifisnrl<6>||Threshold i4ltersrph<-106>, i4ltersrpm<-111>, i4ltersrpl<-116>, i4ltersrqh<5>, i4ltersrqm<3>, i4ltersrql<1>||Threshold i4utranrscph<-104>, i4utranrscpl<-110>, i4gsmrssih<-94>, i4gsmrssil<-102>||current rds ru status: i4wifirssi<-34>, i4wifisnr<9999>, i4ltersrp<-104>, i4ltersrq<13>, i4utranrscp<-98>, i4gsmrssi<-141>, u4active_ran<65539>, flight_mode_activating<0>, ims_roamb<-1>, mms_roamb<-1>||current wifi backhaul : rtp_plr<0>, rtp_jitter<0>, ping_ind<0>||pcscf acc stat : volte<1>, wfc<1> || wifi acc_ctrl:<0>, || current MD stat : MD1 roam <0>, ||Call stat : IR92<0>, IR94<0>, SMS over IP<0>
11-23 16:05:22.943   281   855 I vendor.mediatek.hardware.power@1.1-impl: querySysInfo cmd:6, param:0
11-23 16:05:22.944   281   312 I powerd  : [powerd_req] POWER_MSG_QUERY_INFO: cmd:6, param:0
11-23 16:05:22.944   281   312 I libPerfService: perfUserGetCapability - cmd:6, id:0, value:28389
11-23 16:05:22.960  1039  1223 I NetworkController.MobileSignalController(1): updateVoiceNetworkType voiceNetType: 13 mCurrentState.connected: true
11-23 16:05:23.023   271   712 E VT HIDL : [IVT] [VT THREAD] [VT_Bind] des = volte_imsvt1 Fail to connect . retry count: 60716
11-23 16:05:24.347  1510  1510 I EmmUpdate: forcestop pkg: com.android.defcontainer
11-23 16:05:24.349   717   728 I ActivityManager: Force stopping com.android.defcontainer appid=10041 user=0: from pid 1510
11-23 16:05:24.352   717   728 I ActivityManager: Killing 28886:com.android.defcontainer/u0a41 (adj 904): stop com.android.defcontainer
11-23 16:05:24.366   717   733 W zygote  : kill(-28886, 9) failed: No such process
11-23 16:05:24.395   288   288 I DisplayDevice: [Built-in Screen (type:0)] fps:0.194930,dur:5130.05,max:5130.05,min:5130.05
11-23 16:05:24.396   288   288 I DisplayDevice: [stdout (type:2)] fps:0.194930,dur:5130.06,max:5130.06,min:5130.06
11-23 16:05:24.445   717   733 W zygote  : kill(-28886, 9) failed: No such process
11-23 16:05:24.447  1510  1510 I EmmUpdate: forcestop pkg: com.android.vending
11-23 16:05:24.449   717 11771 I ActivityManager: Force stopping com.android.vending appid=10068 user=0: from pid 1510
11-23 16:05:24.452   717 11771 I ActivityManager: Killing 28902:com.android.vending/u0a68 (adj 900): stop com.android.vending
11-23 16:05:24.491   717   733 W zygote  : kill(-28886, 9) failed: No such process
11-23 16:05:24.535   717   733 W zygote  : kill(-28886, 9) failed: No such process
11-23 16:05:24.535   717   733 I zygote  : Successfully killed process cgroup uid 10041 pid 28886 in 168ms
11-23 16:05:24.536   717   733 W zygote  : kill(-28902, 9) failed: No such process
11-23 16:05:24.536   717   733 I zygote  : Successfully killed process cgroup uid 10068 pid 28902 in 0ms
11-23 16:05:24.827  2342  2394 I MAL-RDS :  (  rds_ru_wifi_status_ind, 1744) [RDS-I][RU][EVENT_RU_WS_WIFI_STATUS_IND] fgwifi_en:1(no use) i4wifirssi:-33 i4wifisnr:9999
11-23 16:05:24.824  2342  2342 W mtkmal  : type=1400 audit(0.0:49549): avc: denied { open } for path="/proc/2342/net/dev" dev="proc" ino=4026533568 scontext=u:r:mtkmal:s0 tcontext=u:object_r:proc_net:s0 tclass=file permissive=0
11-23 16:05:24.829  2342  2394 I MAL-RDS :  (          rds_ru_rpl_gen, 7629) [RDS-I][RU][rds_ru_rpl_gen][RDS] Current policy: fgimsolte_en<0>, fgwfc_en<0>, erdspolicy<3>,||Threshold i4wifirssih<-75>, i4wifirssil<-85>, i4wifirssih_ho<-78>, i4wifirssil_ho<-88>, i4wifisnrh<10>, i4wifisnrl<6>||Threshold i4ltersrph<-106>, i4ltersrpm<-111>, i4ltersrpl<-116>, i4ltersrqh<5>, i4ltersrqm<3>, i4ltersrql<1>||Threshold i4utranrscph<-104>, i4utranrscpl<-110>, i4gsmrssih<-94>, i4gsmrssil<-102>||current rds ru status: i4wifirssi<-33>, i4wifisnr<9999>, i4ltersrp<-104>, i4ltersrq<13>, i4utranrscp<-98>, i4gsmrssi<-141>, u4active_ran<65539>, flight_mode_activating<0>, ims_roamb<-1>, mms_roamb<-1>||current wifi backhaul : rtp_plr<0>, rtp_jitter<0>, ping_ind<0>||pcscf acc stat : volte<1>, wfc<1> || wifi acc_ctrl:<0>, || current MD stat : MD1 roam <0>, ||Call stat : IR92<0>, IR94<0>, SMS over IP<0>
11-23 16:05:24.979   281   855 I vendor.mediatek.hardware.power@1.1-impl: querySysInfo cmd:6, param:0
11-23 16:05:24.981   281   312 I powerd  : [powerd_req] POWER_MSG_QUERY_INFO: cmd:6, param:0
11-23 16:05:24.981   281   312 I libPerfService: perfUserGetCapability - cmd:6, id:0, value:28389
11-23 16:05:25.232  1039  1039 I SignalClusterView: updateDisplayVoLte mShowVoLteIcon: false mNoSimsVisible: false mIsAirplaneMode: false showWfc: false  showVolte: false
11-23 16:05:25.233  1039  1039 I SignalClusterView: updateDisplayVoLte mShowVoLteIcon: false mNoSimsVisible: false mIsAirplaneMode: false showWfc: false  showVolte: false
11-23 16:05:25.261   288   391 I BufferQueueProducer: [StatusBar#0](this:0xa988d000,id:4,api:1,p:1039,c:288) queueBuffer: fps=0.17 dur=6002.74 max=6002.74 min=6002.74
11-23 16:05:25.290   422 14332 I BufferQueueProducer: [GraphicBufferSource](this:0xb326e000,id:3,api:1,p:422,c:422) queueBuffer: fps=0.29 dur=7007.65 max=6016.04 min=991.61
11-23 16:05:25.672   425   425 I thermal_repeater: select timeout
11-23 16:05:26.024   271   712 E VT HIDL : [IVT] [VT THREAD] [VT_Bind] des = volte_imsvt1 Fail to connect . retry count: 60717
11-23 16:05:26.239  1039  1039 I SignalClusterView: updateDisplayVoLte mShowVoLteIcon: false mNoSimsVisible: false mIsAirplaneMode: false showWfc: false  showVolte: false
11-23 16:05:26.243  1039  1039 I SignalClusterView: updateDisplayVoLte mShowVoLteIcon: false mNoSimsVisible: false mIsAirplaneMode: false showWfc: false  showVolte: false
11-23 16:05:26.262   288   391 I BufferQueueProducer: [StatusBar#0](this:0xa988d000,id:4,api:1,p:1039,c:288) queueBuffer: fps=1.00 dur=1001.05 max=1001.05 min=1001.05
11-23 16:05:26.280   288   288 I DisplayDevice: [Built-in Screen (type:0)] fps:1.591982,dur:1884.44,max:999.68,min:118.47
11-23 16:05:26.280   288   288 I DisplayDevice: [stdout (type:2)] fps:1.591998,dur:1884.43,max:999.53,min:118.28
11-23 16:05:27.011   281   855 I vendor.mediatek.hardware.power@1.1-impl: querySysInfo cmd:6, param:0
11-23 16:05:27.013   281   312 I powerd  : [powerd_req] POWER_MSG_QUERY_INFO: cmd:6, param:0
11-23 16:05:27.013   281   312 I libPerfService: perfUserGetCapability - cmd:6, id:0, value:28389
11-23 16:05:27.827  2342  2342 W mtkmal  : type=1400 audit(0.0:49550): avc: denied { open } for path="/proc/2342/net/dev" dev="proc" ino=4026533568 scontext=u:r:mtkmal:s0 tcontext=u:object_r:proc_net:s0 tclass=file permissive=0
11-23 16:05:28.050  2342  2363 I MAL-Daemon:  (      mfi_task_bootstrap,  400) mfi_task_bootstrap(): an event EVENT_ATMNGR_URC(18) incoming from FD 29!!
11-23 16:05:28.050  2342  2394 I MAL-RDS :  (         rds_ru_urc_hdlr, 2271) [RDS-I][RDS][rds_ru_urc_hdlr] get URC data: +ECSQ: 13,37,1,1,1,-54,-415,7,4
11-23 16:05:28.051  2342  2394 I MAL-RDS :  (          rds_ru_rpl_gen, 7629) [RDS-I][RU][rds_ru_rpl_gen][RDS] Current policy: fgimsolte_en<0>, fgwfc_en<0>, erdspolicy<3>,||Threshold i4wifirssih<-75>, i4wifirssil<-85>, i4wifirssih_ho<-78>, i4wifirssil_ho<-88>, i4wifisnrh<10>, i4wifisnrl<6>||Threshold i4ltersrph<-106>, i4ltersrpm<-111>, i4ltersrpl<-116>, i4ltersrqh<5>, i4ltersrqm<3>, i4ltersrql<1>||Threshold i4utranrscph<-104>, i4utranrscpl<-110>, i4gsmrssih<-94>, i4gsmrssil<-102>||current rds ru status: i4wifirssi<-33>, i4wifisnr<9999>, i4ltersrp<-104>, i4ltersrq<13>, i4utranrscp<-98>, i4gsmrssi<-141>, u4active_ran<65539>, flight_mode_activating<0>, ims_roamb<-1>, mms_roamb<-1>||current wifi backhaul : rtp_plr<0>, rtp_jitter<0>, ping_ind<0>||pcscf acc stat : volte<1>, wfc<1> || wifi acc_ctrl:<0>, || current MD stat : MD1 roam <0>, ||Call stat : IR92<0>, IR94<0>, SMS over IP<0>
11-23 16:05:28.258  1039  1039 I SignalClusterView: updateDisplayVoLte mShowVoLteIcon: false mNoSimsVisible: false mIsAirplaneMode: false showWfc: false  showVolte: false
11-23 16:05:28.260  1039  1039 I SignalClusterView: updateDisplayVoLte mShowVoLteIcon: false mNoSimsVisible: false mIsAirplaneMode: false showWfc: false  showVolte: false
11-23 16:05:28.309   288   391 I BufferQueueProducer: [StatusBar#0](this:0xa988d000,id:4,api:1,p:1039,c:288) queueBuffer: fps=0.49 dur=2046.82 max=2046.82 min=2046.82
11-23 16:05:28.316   288   288 I DisplayDevice: [Built-in Screen (type:0)] fps:0.491155,dur:2036.02,max:2036.02,min:2036.02
11-23 16:05:28.316   288   288 I DisplayDevice: [stdout (type:2)] fps:0.491154,dur:2036.02,max:2036.02,min:2036.02
11-23 16:05:28.324   422 14332 I BufferQueueProducer: [GraphicBufferSource](this:0xb326e000,id:3,api:1,p:422,c:422) queueBuffer: fps=0.66 dur=3034.46 max=2037.84 min=996.62
11-23 16:05:29.026   271   712 E VT HIDL : [IVT] [VT THREAD] [VT_Bind] des = volte_imsvt1 Fail to connect . retry count: 60718
11-23 16:05:29.048   281   855 I vendor.mediatek.hardware.power@1.1-impl: querySysInfo cmd:6, param:0
11-23 16:05:29.049   281   312 I powerd  : [powerd_req] POWER_MSG_QUERY_INFO: cmd:6, param:0
11-23 16:05:29.049   281   312 I libPerfService: perfUserGetCapability - cmd:6, id:0, value:28389
11-23 16:05:30.279  1039  1039 I SignalClusterView: updateDisplayVoLte mShowVoLteIcon: false mNoSimsVisible: false mIsAirplaneMode: false showWfc: false  showVolte: false
11-23 16:05:30.283  1039  1039 I SignalClusterView: updateDisplayVoLte mShowVoLteIcon: false mNoSimsVisible: false mIsAirplaneMode: false showWfc: false  showVolte: false
11-23 16:05:30.315  1039  1039 I DataSaverController: registerReceiver() : Runnable call registerReceiver()
11-23 16:05:30.329  1039  1039 I DataSaverController: registerReceiver() : queryIntentServices = 0
11-23 16:05:30.330  1039  1039 I DataSaverController: registerReceiver() :  postDelayed Runnable 30000
11-23 16:05:30.335   288   391 I BufferQueueProducer: [StatusBar#0](this:0xa988d000,id:4,api:1,p:1039,c:288) queueBuffer: fps=0.49 dur=2025.91 max=2025.91 min=2025.91
11-23 16:05:30.351   288   288 I DisplayDevice: [Built-in Screen (type:0)] fps:0.491435,dur:2034.86,max:2034.86,min:2034.86
11-23 16:05:30.351   288   288 I DisplayDevice: [stdout (type:2)] fps:0.491434,dur:2034.86,max:2034.86,min:2034.86
11-23 16:05:30.359   422 14332 I BufferQueueProducer: [GraphicBufferSource](this:0xb326e000,id:3,api:1,p:422,c:422) queueBuffer: fps=0.49 dur=2035.08 max=2035.08 min=2035.08
11-23 16:05:30.673   425   425 I thermal_repeater: oh, queryMdThermalInfo (0)No such file or directory
11-23 16:05:30.687   425   425 I thermal_repeater: [recvMdThermalInfo] ret=27, strLen=127,  3, 34, -127, -1, 32767, 18
11-23 16:05:30.824  2342  2342 W mtkmal  : type=1400 audit(0.0:49551): avc: denied { open } for path="/proc/2342/net/dev" dev="proc" ino=4026533568 scontext=u:r:mtkmal:s0 tcontext=u:object_r:proc_net:s0 tclass=file permissive=0
11-23 16:05:30.826  2342  2394 I MAL-RDS :  (  rds_ru_wifi_status_ind, 1744) [RDS-I][RU][EVENT_RU_WS_WIFI_STATUS_IND] fgwifi_en:1(no use) i4wifirssi:-34 i4wifisnr:9999
11-23 16:05:30.826  2342  2394 I MAL-RDS :  (          rds_ru_rpl_gen, 7629) [RDS-I][RU][rds_ru_rpl_gen][RDS] Current policy: fgimsolte_en<0>, fgwfc_en<0>, erdspolicy<3>,||Threshold i4wifirssih<-75>, i4wifirssil<-85>, i4wifirssih_ho<-78>, i4wifirssil_ho<-88>, i4wifisnrh<10>, i4wifisnrl<6>||Threshold i4ltersrph<-106>, i4ltersrpm<-111>, i4ltersrpl<-116>, i4ltersrqh<5>, i4ltersrqm<3>, i4ltersrql<1>||Threshold i4utranrscph<-104>, i4utranrscpl<-110>, i4gsmrssih<-94>, i4gsmrssil<-102>||current rds ru status: i4wifirssi<-34>, i4wifisnr<9999>, i4ltersrp<-104>, i4ltersrq<13>, i4utranrscp<-98>, i4gsmrssi<-141>, u4active_ran<65539>, flight_mode_activating<0>, ims_roamb<-1>, mms_roamb<-1>||current wifi backhaul : rtp_plr<0>, rtp_jitter<0>, ping_ind<0>||pcscf acc stat : volte<1>, wfc<1> || wifi acc_ctrl:<0>, || current MD stat : MD1 roam <0>, ||Call stat : IR92<0>, IR94<0>, SMS over IP<0>
11-23 16:05:31.058   281   855 I vendor.mediatek.hardware.power@1.1-impl: querySysInfo cmd:6, param:0
11-23 16:05:31.059   281   312 I powerd  : [powerd_req] POWER_MSG_QUERY_INFO: cmd:6, param:0
11-23 16:05:31.059   281   312 I libPerfService: perfUserGetCapability - cmd:6, id:0, value:28389
11-23 16:05:32.027   271   712 E VT HIDL : [IVT] [VT THREAD] [VT_Bind] des = volte_imsvt1 Fail to connect . retry count: 60719
11-23 16:05:32.239  2936  2936 I [BatteryProtectApp]: DetectBatteryService: ACTION_BATTERY_CHANGED -> mTemprature : 37.0
11-23 16:05:32.239  2936  2936 I [BatteryProtectApp]: DetectBatteryService: mMaxTempShutDown : false
11-23 16:05:32.240  2936  2936 I [BatteryProtectApp]: DetectBatteryService: mLowTempShutDown : false
11-23 16:05:32.240  2936  2936 I [BatteryProtectApp]: DetectBatteryService:IS_SUPPORT_DECREASE_CHARGING : true
11-23 16:05:32.240  2936  2936 I [BatteryProtectApp]: DetectBatteryService:phone not in any mode now,and health is Good  [mTemprature = 37.0 ]
11-23 16:05:32.240  2936  2936 I [BatteryProtectApp]: DetectBatteryService:-Not need to display
11-23 16:05:32.283   288   391 I BufferQueueProducer: [StatusBar#0](this:0xa988d000,id:4,api:1,p:1039,c:288) queueBuffer: fps=0.51 dur=1948.46 max=1948.46 min=1948.46
11-23 16:05:32.302   288   288 I DisplayDevice: [Built-in Screen (type:0)] fps:0.512428,dur:1951.49,max:1951.49,min:1951.49
11-23 16:05:32.302   288   288 I DisplayDevice: [stdout (type:2)] fps:0.512431,dur:1951.48,max:1951.48,min:1951.48
11-23 16:05:32.310   422 14332 I BufferQueueProducer: [GraphicBufferSource](this:0xb326e000,id:3,api:1,p:422,c:422) queueBuffer: fps=0.51 dur=1951.19 max=1951.19 min=1951.19
11-23 16:05:33.080   281   855 I vendor.mediatek.hardware.power@1.1-impl: querySysInfo cmd:6, param:0
11-23 16:05:33.080   281   312 I powerd  : [powerd_req] POWER_MSG_QUERY_INFO: cmd:6, param:0
11-23 16:05:33.080   281   312 I libPerfService: perfUserGetCapability - cmd:6, id:0, value:28389
11-23 16:05:33.175  2342  2363 I MAL-Daemon:  (      mfi_task_bootstrap,  400) mfi_task_bootstrap(): an event EVENT_ATMNGR_URC(18) incoming from FD 29!!
11-23 16:05:33.177  2342  2394 I MAL-RDS :  (         rds_ru_urc_hdlr, 2271) [RDS-I][RDS][rds_ru_urc_hdlr] get URC data: +ECSQ: 12,37,1,1,1,-56,-413,7,4
11-23 16:05:33.179  2342  2394 I MAL-RDS :  (          rds_ru_rpl_gen, 7629) [RDS-I][RU][rds_ru_rpl_gen][RDS] Current policy: fgimsolte_en<0>, fgwfc_en<0>, erdspolicy<3>,||Threshold i4wifirssih<-75>, i4wifirssil<-85>, i4wifirssih_ho<-78>, i4wifirssil_ho<-88>, i4wifisnrh<10>, i4wifisnrl<6>||Threshold i4ltersrph<-106>, i4ltersrpm<-111>, i4ltersrpl<-116>, i4ltersrqh<5>, i4ltersrqm<3>, i4ltersrql<1>||Threshold i4utranrscph<-104>, i4utranrscpl<-110>, i4gsmrssih<-94>, i4gsmrssil<-102>||current rds ru status: i4wifirssi<-34>, i4wifisnr<9999>, i4ltersrp<-104>, i4ltersrq<12>, i4utranrscp<-98>, i4gsmrssi<-141>, u4active_ran<65539>, flight_mode_activating<0>, ims_roamb<-1>, mms_roamb<-1>||current wifi backhaul : rtp_plr<0>, rtp_jitter<0>, ping_ind<0>||pcscf acc stat : volte<1>, wfc<1> || wifi acc_ctrl:<0>, || current MD stat : MD1 roam <0>, ||Call stat : IR92<0>, IR94<0>, SMS over IP<0>
11-23 16:05:33.192  1039  1223 I NetworkController.MobileSignalController(1): updateVoiceNetworkType voiceNetType: 13 mCurrentState.connected: true
11-23 16:05:33.297  1039  1039 I SignalClusterView: updateDisplayVoLte mShowVoLteIcon: false mNoSimsVisible: false mIsAirplaneMode: false showWfc: false  showVolte: false
11-23 16:05:33.300  1039  1039 I SignalClusterView: updateDisplayVoLte mShowVoLteIcon: false mNoSimsVisible: false mIsAirplaneMode: false showWfc: false  showVolte: false
11-23 16:05:33.347   288   391 I BufferQueueProducer: [StatusBar#0](this:0xa988d000,id:4,api:1,p:1039,c:288) queueBuffer: fps=1.88 dur=1063.25 max=1008.16 min=55.09
11-23 16:05:33.362   288   288 I DisplayDevice: [Built-in Screen (type:0)] fps:1.887234,dur:1059.75,max:1009.35,min:50.40
11-23 16:05:33.362   288   288 I DisplayDevice: [stdout (type:2)] fps:1.887218,dur:1059.76,max:1009.54,min:50.22
11-23 16:05:33.369   422 14332 I BufferQueueProducer: [GraphicBufferSource](this:0xb326e000,id:3,api:1,p:422,c:422) queueBuffer: fps=1.89 dur=1058.11 max=1009.91 min=48.20
11-23 16:05:33.829  2342  2394 I MAL-RDS :  (  rds_ru_wifi_status_ind, 1744) [RDS-I][RU][EVENT_RU_WS_WIFI_STATUS_IND] fgwifi_en:1(no use) i4wifirssi:-33 i4wifisnr:9999
11-23 16:05:33.830  2342  2394 I MAL-RDS :  (          rds_ru_rpl_gen, 7629) [RDS-I][RU][rds_ru_rpl_gen][RDS] Current policy: fgimsolte_en<0>, fgwfc_en<0>, erdspolicy<3>,||Threshold i4wifirssih<-75>, i4wifirssil<-85>, i4wifirssih_ho<-78>, i4wifirssil_ho<-88>, i4wifisnrh<10>, i4wifisnrl<6>||Threshold i4ltersrph<-106>, i4ltersrpm<-111>, i4ltersrpl<-116>, i4ltersrqh<5>, i4ltersrqm<3>, i4ltersrql<1>||Threshold i4utranrscph<-104>, i4utranrscpl<-110>, i4gsmrssih<-94>, i4gsmrssil<-102>||current rds ru status: i4wifirssi<-33>, i4wifisnr<9999>, i4ltersrp<-104>, i4ltersrq<12>, i4utranrscp<-98>, i4gsmrssi<-141>, u4active_ran<65539>, flight_mode_activating<0>, ims_roamb<-1>, mms_roamb<-1>||current wifi backhaul : rtp_plr<0>, rtp_jitter<0>, ping_ind<0>||pcscf acc stat : volte<1>, wfc<1> || wifi acc_ctrl:<0>, || current MD stat : MD1 roam <0>, ||Call stat : IR92<0>, IR94<0>, SMS over IP<0>
11-23 16:05:33.827  2342  2342 W mtkmal  : type=1400 audit(0.0:49552): avc: denied { open } for path="/proc/2342/net/dev" dev="proc" ino=4026533568 scontext=u:r:mtkmal:s0 tcontext=u:object_r:proc_net:s0 tclass=file permissive=0
11-23 16:05:35.029   271   712 E VT HIDL : [IVT] [VT THREAD] [VT_Bind] des = volte_imsvt1 Fail to connect . retry count: 60720
11-23 16:05:35.089   281   855 I vendor.mediatek.hardware.power@1.1-impl: querySysInfo cmd:6, param:0
11-23 16:05:35.089   281   312 I powerd  : [powerd_req] POWER_MSG_QUERY_INFO: cmd:6, param:0
11-23 16:05:35.090   281   312 I libPerfService: perfUserGetCapability - cmd:6, id:0, value:28389
11-23 16:05:35.305  1039  1039 I SignalClusterView: updateDisplayVoLte mShowVoLteIcon: false mNoSimsVisible: false mIsAirplaneMode: false showWfc: false  showVolte: false
11-23 16:05:35.309  1039  1039 I SignalClusterView: updateDisplayVoLte mShowVoLteIcon: false mNoSimsVisible: false mIsAirplaneMode: false showWfc: false  showVolte: false
11-23 16:05:35.356   288   391 I BufferQueueProducer: [StatusBar#0](this:0xa988d000,id:4,api:1,p:1039,c:288) queueBuffer: fps=0.50 dur=2009.38 max=2009.38 min=2009.38
11-23 16:05:35.364   288   288 I DisplayDevice: [Built-in Screen (type:0)] fps:0.499521,dur:2001.92,max:2001.92,min:2001.92
11-23 16:05:35.364   288   288 I DisplayDevice: [stdout (type:2)] fps:0.499522,dur:2001.91,max:2001.91,min:2001.91
11-23 16:05:35.374   422 14332 I BufferQueueProducer: [GraphicBufferSource](this:0xb326e000,id:3,api:1,p:422,c:422) queueBuffer: fps=0.50 dur=2005.82 max=2005.82 min=2005.82
11-23 16:05:35.614 24525 24525 I ADB_SERVICES: service_to_fd shell:export ANDROID_LOG_TAGS="''"; exec logcat '-d'
11-23 16:05:35.692   425   425 I thermal_repeater: select timeout
11-23 16:05:35.781   717   882 I DataShapingService: openLteGateSuccess = false
